
Milos@DESKTOP-BF202QM MINGW64 ~/Desktop/bootcampVezbanjeNovo (main)
$ git add vezbaNovo.txt

Milos@DESKTOP-BF202QM MINGW64 ~/Desktop/bootcampVezbanjeNovo (main)
$ git status
On branch main
Your branch is up to date with 'origin/main'.

Changes to be committed:
  (use "git restore --staged <file>..." to unstage)
        modified:   vezbaNovo.txt

Untracked files:
  (use "git add <file>..." to include in what will be committed)
        VesnaUzelac/


Milos@DESKTOP-BF202QM MINGW64 ~/Desktop/bootcampVezbanjeNovo (main)
$ git commit -m "izmenjen vezbaNovo.txt"
[main b499d77] izmenjen vezbaNovo.txt
 1 file changed, 1 insertion(+)

Milos@DESKTOP-BF202QM MINGW64 ~/Desktop/bootcampVezbanjeNovo (main)
$ git status
On branch main
Your branch is ahead of 'origin/main' by 1 commit.
  (use "git push" to publish your local commits)

Untracked files:
  (use "git add <file>..." to include in what will be committed)
        VesnaUzelac/

nothing added to commit but untracked files present (use "git add" to track)

Milos@DESKTOP-BF202QM MINGW64 ~/Desktop/bootcampVezbanjeNovo (main)
$ git push
Enumerating objects: 5, done.
Counting objects: 100% (5/5), done.
Writing objects: 100% (3/3), 301 bytes | 301.00 KiB/s, done.
Total 3 (delta 0), reused 0 (delta 0), pack-reused 0
To https://github.com/VesnaUzelac/bootcampVezbanjeNovo.git
   337eeab..b499d77  main -> main

Milos@DESKTOP-BF202QM MINGW64 ~/Desktop/bootcampVezbanjeNovo (main)
$ git status
On branch main
Your branch is up to date with 'origin/main'.

Untracked files:
  (use "git add <file>..." to include in what will be committed)
        VesnaUzelac/

nothing added to commit but untracked files present (use "git add" to track)

Milos@DESKTOP-BF202QM MINGW64 ~/Desktop/bootcampVezbanjeNovo (main)
$ git add Podaci.txt
fatal: pathspec 'Podaci.txt' did not match any files

Milos@DESKTOP-BF202QM MINGW64 ~/Desktop/bootcampVezbanjeNovo (main)
$ git status
On branch main
Your branch is up to date with 'origin/main'.

Untracked files:
  (use "git add <file>..." to include in what will be committed)
        VesnaUzelac/

nothing added to commit but untracked files present (use "git add" to track)

Milos@DESKTOP-BF202QM MINGW64 ~/Desktop/bootcampVezbanjeNovo (main)
$
